
Discarded input sections

 .text          0x00000000        0x0 build/main.o
 .data          0x00000000        0x0 build/main.o
 .bss           0x00000000        0x0 build/main.o
 .text          0x00000000        0x0 build/system_stm32f10x.o
 .data          0x00000000        0x0 build/system_stm32f10x.o
 .bss           0x00000000        0x0 build/system_stm32f10x.o
 .text.SystemCoreClockUpdate
                0x00000000       0x5c build/system_stm32f10x.o
 .rodata.AHBPrescTable
                0x00000000       0x10 build/system_stm32f10x.o
 .data.SystemCoreClock
                0x00000000        0x4 build/system_stm32f10x.o
 .text          0x00000000        0x0 build/misc.o
 .data          0x00000000        0x0 build/misc.o
 .bss           0x00000000        0x0 build/misc.o
 .text.NVIC_PriorityGroupConfig
                0x00000000       0x14 build/misc.o
 .text.NVIC_SetVectorTable
                0x00000000       0x14 build/misc.o
 .text.NVIC_SystemLPConfig
                0x00000000       0x18 build/misc.o
 .text.SysTick_CLKSourceConfig
                0x00000000       0x18 build/misc.o
 .text          0x00000000        0x0 build/stm32f10x_adc.o
 .data          0x00000000        0x0 build/stm32f10x_adc.o
 .bss           0x00000000        0x0 build/stm32f10x_adc.o
 .text.ADC_DeInit
                0x00000000       0x6c build/stm32f10x_adc.o
 .text.ADC_StructInit
                0x00000000       0x10 build/stm32f10x_adc.o
 .text.ADC_ITConfig
                0x00000000       0x14 build/stm32f10x_adc.o
 .text.ADC_SoftwareStartConvCmd
                0x00000000       0x14 build/stm32f10x_adc.o
 .text.ADC_GetSoftwareStartConvStatus
                0x00000000        0x8 build/stm32f10x_adc.o
 .text.ADC_DiscModeChannelCountConfig
                0x00000000       0x10 build/stm32f10x_adc.o
 .text.ADC_DiscModeCmd
                0x00000000       0x14 build/stm32f10x_adc.o
 .text.ADC_GetConversionValue
                0x00000000        0x8 build/stm32f10x_adc.o
 .text.ADC_GetDualModeConversionValue
                0x00000000        0xc build/stm32f10x_adc.o
 .text.ADC_AutoInjectedConvCmd
                0x00000000       0x14 build/stm32f10x_adc.o
 .text.ADC_InjectedDiscModeCmd
                0x00000000       0x14 build/stm32f10x_adc.o
 .text.ADC_ExternalTrigInjectedConvConfig
                0x00000000        0xc build/stm32f10x_adc.o
 .text.ADC_ExternalTrigInjectedConvCmd
                0x00000000       0x14 build/stm32f10x_adc.o
 .text.ADC_SoftwareStartInjectedConvCmd
                0x00000000       0x14 build/stm32f10x_adc.o
 .text.ADC_GetSoftwareStartInjectedConvCmdStatus
                0x00000000        0x8 build/stm32f10x_adc.o
 .text.ADC_InjectedChannelConfig
                0x00000000       0x68 build/stm32f10x_adc.o
 .text.ADC_InjectedSequencerLengthConfig
                0x00000000       0x10 build/stm32f10x_adc.o
 .text.ADC_SetInjectedOffset
                0x00000000       0x18 build/stm32f10x_adc.o
 .text.ADC_GetInjectedConversionValue
                0x00000000       0x1c build/stm32f10x_adc.o
 .text.ADC_AnalogWatchdogCmd
                0x00000000       0x10 build/stm32f10x_adc.o
 .text.ADC_AnalogWatchdogThresholdsConfig
                0x00000000        0x8 build/stm32f10x_adc.o
 .text.ADC_AnalogWatchdogSingleChannelConfig
                0x00000000        0xc build/stm32f10x_adc.o
 .text.ADC_TempSensorVrefintCmd
                0x00000000       0x1c build/stm32f10x_adc.o
 .text.ADC_GetFlagStatus
                0x00000000        0xc build/stm32f10x_adc.o
 .text.ADC_ClearFlag
                0x00000000        0x8 build/stm32f10x_adc.o
 .text.ADC_GetITStatus
                0x00000000       0x18 build/stm32f10x_adc.o
 .text.ADC_ClearITPendingBit
                0x00000000        0x8 build/stm32f10x_adc.o
 .text          0x00000000        0x0 build/stm32f10x_bkp.o
 .data          0x00000000        0x0 build/stm32f10x_bkp.o
 .bss           0x00000000        0x0 build/stm32f10x_bkp.o
 .text.BKP_DeInit
                0x00000000       0x14 build/stm32f10x_bkp.o
 .text.BKP_TamperPinLevelConfig
                0x00000000        0xc build/stm32f10x_bkp.o
 .text.BKP_TamperPinCmd
                0x00000000        0xc build/stm32f10x_bkp.o
 .text.BKP_ITConfig
                0x00000000        0xc build/stm32f10x_bkp.o
 .text.BKP_RTCOutputConfig
                0x00000000       0x18 build/stm32f10x_bkp.o
 .text.BKP_SetRTCCalibrationValue
                0x00000000       0x18 build/stm32f10x_bkp.o
 .text.BKP_WriteBackupRegister
                0x00000000       0x1c build/stm32f10x_bkp.o
 .text.BKP_ReadBackupRegister
                0x00000000       0x20 build/stm32f10x_bkp.o
 .text.BKP_GetFlagStatus
                0x00000000       0x10 build/stm32f10x_bkp.o
 .text.BKP_ClearFlag
                0x00000000       0x14 build/stm32f10x_bkp.o
 .text.BKP_GetITStatus
                0x00000000       0x10 build/stm32f10x_bkp.o
 .text.BKP_ClearITPendingBit
                0x00000000       0x14 build/stm32f10x_bkp.o
 .debug_info    0x00000000      0x78d build/stm32f10x_bkp.o
 .debug_abbrev  0x00000000      0x1d6 build/stm32f10x_bkp.o
 .debug_loclists
                0x00000000       0xa2 build/stm32f10x_bkp.o
 .debug_aranges
                0x00000000       0x78 build/stm32f10x_bkp.o
 .debug_rnglists
                0x00000000       0x55 build/stm32f10x_bkp.o
 .debug_line    0x00000000      0x2f1 build/stm32f10x_bkp.o
 .debug_str     0x00000000      0x5a0 build/stm32f10x_bkp.o
 .comment       0x00000000       0x27 build/stm32f10x_bkp.o
 .debug_frame   0x00000000       0xec build/stm32f10x_bkp.o
 .ARM.attributes
                0x00000000       0x2d build/stm32f10x_bkp.o
 .text          0x00000000        0x0 build/stm32f10x_can.o
 .data          0x00000000        0x0 build/stm32f10x_can.o
 .bss           0x00000000        0x0 build/stm32f10x_can.o
 .text.CAN_DeInit
                0x00000000       0x3c build/stm32f10x_can.o
 .text.CAN_Init
                0x00000000       0xe4 build/stm32f10x_can.o
 .text.CAN_FilterInit
                0x00000000       0xf0 build/stm32f10x_can.o
 .text.CAN_StructInit
                0x00000000       0x18 build/stm32f10x_can.o
 .text.CAN_SlaveStartBank
                0x00000000       0x3c build/stm32f10x_can.o
 .text.CAN_DBGFreeze
                0x00000000       0x14 build/stm32f10x_can.o
 .text.CAN_TTComModeCmd
                0x00000000       0x5c build/stm32f10x_can.o
 .text.CAN_Transmit
                0x00000000       0xb0 build/stm32f10x_can.o
 .text.CAN_TransmitStatus
                0x00000000       0x60 build/stm32f10x_can.o
 .text.CAN_CancelTransmit
                0x00000000       0x28 build/stm32f10x_can.o
 .text.CAN_Receive
                0x00000000       0x9c build/stm32f10x_can.o
 .text.CAN_FIFORelease
                0x00000000       0x18 build/stm32f10x_can.o
 .text.CAN_MessagePending
                0x00000000       0x18 build/stm32f10x_can.o
 .text.CAN_OperatingModeRequest
                0x00000000       0xb4 build/stm32f10x_can.o
 .text.CAN_Sleep
                0x00000000       0x20 build/stm32f10x_can.o
 .text.CAN_WakeUp
                0x00000000       0x2c build/stm32f10x_can.o
 .text.CAN_GetLastErrorCode
                0x00000000        0x8 build/stm32f10x_can.o
 .text.CAN_GetReceiveErrorCounter
                0x00000000        0x8 build/stm32f10x_can.o
 .text.CAN_GetLSBTransmitErrorCounter
                0x00000000        0x8 build/stm32f10x_can.o
 .text.CAN_ITConfig
                0x00000000       0x14 build/stm32f10x_can.o
 .text.CAN_GetFlagStatus
                0x00000000       0x54 build/stm32f10x_can.o
 .text.CAN_ClearFlag
                0x00000000       0x30 build/stm32f10x_can.o
 .text.CAN_GetITStatus
                0x00000000       0xf4 build/stm32f10x_can.o
 .text.CAN_ClearITPendingBit
                0x00000000       0xa8 build/stm32f10x_can.o
 .debug_info    0x00000000      0xfb0 build/stm32f10x_can.o
 .debug_abbrev  0x00000000      0x300 build/stm32f10x_can.o
 .debug_loclists
                0x00000000      0x8eb build/stm32f10x_can.o
 .debug_aranges
                0x00000000       0xd8 build/stm32f10x_can.o
 .debug_rnglists
                0x00000000       0xb0 build/stm32f10x_can.o
 .debug_line    0x00000000      0xdee build/stm32f10x_can.o
 .debug_str     0x00000000      0x71d build/stm32f10x_can.o
 .comment       0x00000000       0x27 build/stm32f10x_can.o
 .debug_frame   0x00000000      0x1d4 build/stm32f10x_can.o
 .ARM.attributes
                0x00000000       0x2d build/stm32f10x_can.o
 .text          0x00000000        0x0 build/stm32f10x_cec.o
 .data          0x00000000        0x0 build/stm32f10x_cec.o
 .bss           0x00000000        0x0 build/stm32f10x_cec.o
 .text.CEC_DeInit
                0x00000000       0x1c build/stm32f10x_cec.o
 .text.CEC_Init
                0x00000000       0x1c build/stm32f10x_cec.o
 .text.CEC_Cmd  0x00000000       0x18 build/stm32f10x_cec.o
 .text.CEC_ITConfig
                0x00000000        0xc build/stm32f10x_cec.o
 .text.CEC_OwnAddressConfig
                0x00000000        0xc build/stm32f10x_cec.o
 .text.CEC_SetPrescaler
                0x00000000        0xc build/stm32f10x_cec.o
 .text.CEC_SendDataByte
                0x00000000        0xc build/stm32f10x_cec.o
 .text.CEC_ReceiveDataByte
                0x00000000        0xc build/stm32f10x_cec.o
 .text.CEC_StartOfMessage
                0x00000000       0x10 build/stm32f10x_cec.o
 .text.CEC_EndOfMessageCmd
                0x00000000        0xc build/stm32f10x_cec.o
 .text.CEC_GetFlagStatus
                0x00000000       0x24 build/stm32f10x_cec.o
 .text.CEC_ClearFlag
                0x00000000       0x20 build/stm32f10x_cec.o
 .text.CEC_GetITStatus
                0x00000000       0x14 build/stm32f10x_cec.o
 .text.CEC_ClearITPendingBit
                0x00000000       0x20 build/stm32f10x_cec.o
 .debug_info    0x00000000      0x445 build/stm32f10x_cec.o
 .debug_abbrev  0x00000000      0x246 build/stm32f10x_cec.o
 .debug_loclists
                0x00000000      0x13e build/stm32f10x_cec.o
 .debug_aranges
                0x00000000       0x88 build/stm32f10x_cec.o
 .debug_rnglists
                0x00000000       0x61 build/stm32f10x_cec.o
 .debug_line    0x00000000      0x38e build/stm32f10x_cec.o
 .debug_str     0x00000000      0x365 build/stm32f10x_cec.o
 .comment       0x00000000       0x27 build/stm32f10x_cec.o
 .debug_frame   0x00000000      0x114 build/stm32f10x_cec.o
 .ARM.attributes
                0x00000000       0x2d build/stm32f10x_cec.o
 .text          0x00000000        0x0 build/stm32f10x_crc.o
 .data          0x00000000        0x0 build/stm32f10x_crc.o
 .bss           0x00000000        0x0 build/stm32f10x_crc.o
 .text.CRC_ResetDR
                0x00000000        0xc build/stm32f10x_crc.o
 .text.CRC_CalcCRC
                0x00000000        0xc build/stm32f10x_crc.o
 .text.CRC_CalcBlockCRC
                0x00000000       0x20 build/stm32f10x_crc.o
 .text.CRC_GetCRC
                0x00000000        0xc build/stm32f10x_crc.o
 .text.CRC_SetIDRegister
                0x00000000        0xc build/stm32f10x_crc.o
 .text.CRC_GetIDRegister
                0x00000000        0xc build/stm32f10x_crc.o
 .debug_info    0x00000000      0x1d0 build/stm32f10x_crc.o
 .debug_abbrev  0x00000000      0x137 build/stm32f10x_crc.o
 .debug_loclists
                0x00000000       0x70 build/stm32f10x_crc.o
 .debug_aranges
                0x00000000       0x48 build/stm32f10x_crc.o
 .debug_rnglists
                0x00000000       0x31 build/stm32f10x_crc.o
 .debug_line    0x00000000      0x1ad build/stm32f10x_crc.o
 .debug_str     0x00000000      0x213 build/stm32f10x_crc.o
 .comment       0x00000000       0x27 build/stm32f10x_crc.o
 .debug_frame   0x00000000       0x70 build/stm32f10x_crc.o
 .ARM.attributes
                0x00000000       0x2d build/stm32f10x_crc.o
 .text          0x00000000        0x0 build/stm32f10x_dac.o
 .data          0x00000000        0x0 build/stm32f10x_dac.o
 .bss           0x00000000        0x0 build/stm32f10x_dac.o
 .text.DAC_DeInit
                0x00000000       0x1c build/stm32f10x_dac.o
 .text.DAC_Init
                0x00000000       0x2c build/stm32f10x_dac.o
 .text.DAC_StructInit
                0x00000000        0xc build/stm32f10x_dac.o
 .text.DAC_Cmd  0x00000000       0x20 build/stm32f10x_dac.o
 .text.DAC_DMACmd
                0x00000000       0x24 build/stm32f10x_dac.o
 .text.DAC_SoftwareTriggerCmd
                0x00000000       0x24 build/stm32f10x_dac.o
 .text.DAC_DualSoftwareTriggerCmd
                0x00000000       0x1c build/stm32f10x_dac.o
 .text.DAC_WaveGenerationCmd
                0x00000000       0x20 build/stm32f10x_dac.o
 .text.DAC_SetChannel1Data
                0x00000000       0x20 build/stm32f10x_dac.o
 .text.DAC_SetChannel2Data
                0x00000000       0x20 build/stm32f10x_dac.o
 .text.DAC_SetDualChannelData
                0x00000000       0x18 build/stm32f10x_dac.o
 .text.DAC_GetDataOutputValue
                0x00000000       0x24 build/stm32f10x_dac.o
 .debug_info    0x00000000      0x4d8 build/stm32f10x_dac.o
 .debug_abbrev  0x00000000      0x214 build/stm32f10x_dac.o
 .debug_loclists
                0x00000000      0x214 build/stm32f10x_dac.o
 .debug_aranges
                0x00000000       0x78 build/stm32f10x_dac.o
 .debug_rnglists
                0x00000000       0x55 build/stm32f10x_dac.o
 .debug_line    0x00000000      0x3e3 build/stm32f10x_dac.o
 .debug_str     0x00000000      0x39e build/stm32f10x_dac.o
 .comment       0x00000000       0x27 build/stm32f10x_dac.o
 .debug_frame   0x00000000      0x100 build/stm32f10x_dac.o
 .ARM.attributes
                0x00000000       0x2d build/stm32f10x_dac.o
 .text          0x00000000        0x0 build/stm32f10x_dbgmcu.o
 .data          0x00000000        0x0 build/stm32f10x_dbgmcu.o
 .bss           0x00000000        0x0 build/stm32f10x_dbgmcu.o
 .text.DBGMCU_GetREVID
                0x00000000        0xc build/stm32f10x_dbgmcu.o
 .text.DBGMCU_GetDEVID
                0x00000000       0x10 build/stm32f10x_dbgmcu.o
 .text.DBGMCU_Config
                0x00000000       0x18 build/stm32f10x_dbgmcu.o
 .debug_info    0x00000000      0x131 build/stm32f10x_dbgmcu.o
 .debug_abbrev  0x00000000       0xe7 build/stm32f10x_dbgmcu.o
 .debug_aranges
                0x00000000       0x30 build/stm32f10x_dbgmcu.o
 .debug_rnglists
                0x00000000       0x1f build/stm32f10x_dbgmcu.o
 .debug_line    0x00000000      0x139 build/stm32f10x_dbgmcu.o
 .debug_str     0x00000000      0x1df build/stm32f10x_dbgmcu.o
 .comment       0x00000000       0x27 build/stm32f10x_dbgmcu.o
 .debug_frame   0x00000000       0x40 build/stm32f10x_dbgmcu.o
 .ARM.attributes
                0x00000000       0x2d build/stm32f10x_dbgmcu.o
 .text          0x00000000        0x0 build/stm32f10x_dma.o
 .data          0x00000000        0x0 build/stm32f10x_dma.o
 .bss           0x00000000        0x0 build/stm32f10x_dma.o
 .text.DMA_StructInit
                0x00000000       0x1c build/stm32f10x_dma.o
 .text.DMA_SetCurrDataCounter
                0x00000000        0x4 build/stm32f10x_dma.o
 .text.DMA_GetCurrDataCounter
                0x00000000        0x8 build/stm32f10x_dma.o
 .text.DMA_GetFlagStatus
                0x00000000       0x1c build/stm32f10x_dma.o
 .text          0x00000000        0x0 build/stm32f10x_exti.o
 .data          0x00000000        0x0 build/stm32f10x_exti.o
 .bss           0x00000000        0x0 build/stm32f10x_exti.o
 .text.EXTI_DeInit
                0x00000000       0x1c build/stm32f10x_exti.o
 .text.EXTI_Init
                0x00000000       0x70 build/stm32f10x_exti.o
 .text.EXTI_StructInit
                0x00000000       0x10 build/stm32f10x_exti.o
 .text.EXTI_GenerateSWInterrupt
                0x00000000       0x10 build/stm32f10x_exti.o
 .text.EXTI_GetFlagStatus
                0x00000000       0x14 build/stm32f10x_exti.o
 .text.EXTI_ClearFlag
                0x00000000        0xc build/stm32f10x_exti.o
 .text.EXTI_GetITStatus
                0x00000000       0x1c build/stm32f10x_exti.o
 .text.EXTI_ClearITPendingBit
                0x00000000        0xc build/stm32f10x_exti.o
 .debug_info    0x00000000      0x32f build/stm32f10x_exti.o
 .debug_abbrev  0x00000000      0x1e3 build/stm32f10x_exti.o
 .debug_loclists
                0x00000000      0x171 build/stm32f10x_exti.o
 .debug_aranges
                0x00000000       0x58 build/stm32f10x_exti.o
 .debug_rnglists
                0x00000000       0x3d build/stm32f10x_exti.o
 .debug_line    0x00000000      0x300 build/stm32f10x_exti.o
 .debug_str     0x00000000      0x336 build/stm32f10x_exti.o
 .comment       0x00000000       0x27 build/stm32f10x_exti.o
 .debug_frame   0x00000000       0xac build/stm32f10x_exti.o
 .ARM.attributes
                0x00000000       0x2d build/stm32f10x_exti.o
 .text          0x00000000        0x0 build/stm32f10x_flash.o
 .data          0x00000000        0x0 build/stm32f10x_flash.o
 .bss           0x00000000        0x0 build/stm32f10x_flash.o
 .text.FLASH_SetLatency
                0x00000000       0x14 build/stm32f10x_flash.o
 .text.FLASH_HalfCycleAccessCmd
                0x00000000       0x18 build/stm32f10x_flash.o
 .text.FLASH_PrefetchBufferCmd
                0x00000000       0x18 build/stm32f10x_flash.o
 .text.FLASH_Unlock
                0x00000000       0x18 build/stm32f10x_flash.o
 .text.FLASH_UnlockBank1
                0x00000000       0x18 build/stm32f10x_flash.o
 .text.FLASH_Lock
                0x00000000       0x10 build/stm32f10x_flash.o
 .text.FLASH_LockBank1
                0x00000000       0x10 build/stm32f10x_flash.o
 .text.FLASH_ErasePage
                0x00000000       0xcc build/stm32f10x_flash.o
 .text.FLASH_EraseAllPages
                0x00000000       0xc8 build/stm32f10x_flash.o
 .text.FLASH_EraseAllBank1Pages
                0x00000000       0xc8 build/stm32f10x_flash.o
 .text.FLASH_EraseOptionBytes
                0x00000000      0x140 build/stm32f10x_flash.o
 .text.FLASH_ProgramWord
                0x00000000      0x12c build/stm32f10x_flash.o
 .text.FLASH_ProgramHalfWord
                0x00000000       0xcc build/stm32f10x_flash.o
 .text.FLASH_ProgramOptionByteData
                0x00000000       0xdc build/stm32f10x_flash.o
 .text.FLASH_EnableWriteProtection
                0x00000000      0x1d0 build/stm32f10x_flash.o
 .text.FLASH_ReadOutProtection
                0x00000000      0x160 build/stm32f10x_flash.o
 .text.FLASH_UserOptionByteConfig
                0x00000000       0xe8 build/stm32f10x_flash.o
 .text.FLASH_GetUserOptionByte
                0x00000000        0xc build/stm32f10x_flash.o
 .text.FLASH_GetWriteProtectionOptionByte
                0x00000000        0xc build/stm32f10x_flash.o
 .text.FLASH_GetReadOutProtectionStatus
                0x00000000       0x10 build/stm32f10x_flash.o
 .text.FLASH_GetPrefetchBufferStatus
                0x00000000       0x10 build/stm32f10x_flash.o
 .text.FLASH_ITConfig
                0x00000000       0x18 build/stm32f10x_flash.o
 .text.FLASH_GetFlagStatus
                0x00000000       0x20 build/stm32f10x_flash.o
 .text.FLASH_ClearFlag
                0x00000000        0xc build/stm32f10x_flash.o
 .text.FLASH_GetStatus
                0x00000000       0x28 build/stm32f10x_flash.o
 .text.FLASH_GetBank1Status
                0x00000000       0x28 build/stm32f10x_flash.o
 .text.FLASH_WaitForLastOperation
                0x00000000       0x48 build/stm32f10x_flash.o
 .text.FLASH_WaitForLastBank1Operation
                0x00000000        0x4 build/stm32f10x_flash.o
 .debug_info    0x00000000     0x1a56 build/stm32f10x_flash.o
 .debug_abbrev  0x00000000      0x2d4 build/stm32f10x_flash.o
 .debug_loclists
                0x00000000     0x2337 build/stm32f10x_flash.o
 .debug_aranges
                0x00000000       0xf8 build/stm32f10x_flash.o
 .debug_rnglists
                0x00000000      0x72a build/stm32f10x_flash.o
 .debug_line    0x00000000     0x1d75 build/stm32f10x_flash.o
 .debug_str     0x00000000      0x5c0 build/stm32f10x_flash.o
 .comment       0x00000000       0x27 build/stm32f10x_flash.o
 .debug_frame   0x00000000      0x270 build/stm32f10x_flash.o
 .ARM.attributes
                0x00000000       0x2d build/stm32f10x_flash.o
 .text          0x00000000        0x0 build/stm32f10x_fsmc.o
 .data          0x00000000        0x0 build/stm32f10x_fsmc.o
 .bss           0x00000000        0x0 build/stm32f10x_fsmc.o
 .text.FSMC_NORSRAMDeInit
                0x00000000       0x28 build/stm32f10x_fsmc.o
 .text.FSMC_NANDDeInit
                0x00000000       0x30 build/stm32f10x_fsmc.o
 .text.FSMC_PCCARDDeInit
                0x00000000       0x24 build/stm32f10x_fsmc.o
 .text.FSMC_NORSRAMInit
                0x00000000       0xb4 build/stm32f10x_fsmc.o
 .text.FSMC_NANDInit
                0x00000000       0x78 build/stm32f10x_fsmc.o
 .text.FSMC_PCCARDInit
                0x00000000       0x70 build/stm32f10x_fsmc.o
 .text.FSMC_NORSRAMStructInit
                0x00000000       0x50 build/stm32f10x_fsmc.o
 .text.FSMC_NANDStructInit
                0x00000000       0x30 build/stm32f10x_fsmc.o
 .text.FSMC_PCCARDStructInit
                0x00000000       0x30 build/stm32f10x_fsmc.o
 .text.FSMC_NORSRAMCmd
                0x00000000       0x28 build/stm32f10x_fsmc.o
 .text.FSMC_NANDCmd
                0x00000000       0x40 build/stm32f10x_fsmc.o
 .text.FSMC_PCCARDCmd
                0x00000000       0x28 build/stm32f10x_fsmc.o
 .text.FSMC_NANDECCCmd
                0x00000000       0x40 build/stm32f10x_fsmc.o
 .text.FSMC_GetECC
                0x00000000       0x10 build/stm32f10x_fsmc.o
 .text.FSMC_ITConfig
                0x00000000       0x64 build/stm32f10x_fsmc.o
 .text.FSMC_GetFlagStatus
                0x00000000       0x24 build/stm32f10x_fsmc.o
 .text.FSMC_ClearFlag
                0x00000000       0x34 build/stm32f10x_fsmc.o
 .text.FSMC_GetITStatus
                0x00000000       0x2c build/stm32f10x_fsmc.o
 .text.FSMC_ClearITPendingBit
                0x00000000       0x34 build/stm32f10x_fsmc.o
 .debug_info    0x00000000      0x90c build/stm32f10x_fsmc.o
 .debug_abbrev  0x00000000      0x1ca build/stm32f10x_fsmc.o
 .debug_loclists
                0x00000000      0x36a build/stm32f10x_fsmc.o
 .debug_aranges
                0x00000000       0xb0 build/stm32f10x_fsmc.o
 .debug_rnglists
                0x00000000       0x80 build/stm32f10x_fsmc.o
 .debug_line    0x00000000      0x952 build/stm32f10x_fsmc.o
 .debug_str     0x00000000      0x75c build/stm32f10x_fsmc.o
 .comment       0x00000000       0x27 build/stm32f10x_fsmc.o
 .debug_frame   0x00000000      0x1a0 build/stm32f10x_fsmc.o
 .ARM.attributes
                0x00000000       0x2d build/stm32f10x_fsmc.o
 .text          0x00000000        0x0 build/stm32f10x_gpio.o
 .data          0x00000000        0x0 build/stm32f10x_gpio.o
 .bss           0x00000000        0x0 build/stm32f10x_gpio.o
 .text.GPIO_DeInit
                0x00000000       0xdc build/stm32f10x_gpio.o
 .text.GPIO_AFIODeInit
                0x00000000       0x18 build/stm32f10x_gpio.o
 .text.GPIO_StructInit
                0x00000000       0x10 build/stm32f10x_gpio.o
 .text.GPIO_ReadInputDataBit
                0x00000000        0xc build/stm32f10x_gpio.o
 .text.GPIO_ReadInputData
                0x00000000        0x8 build/stm32f10x_gpio.o
 .text.GPIO_ReadOutputDataBit
                0x00000000        0xc build/stm32f10x_gpio.o
 .text.GPIO_ReadOutputData
                0x00000000        0x8 build/stm32f10x_gpio.o
 .text.GPIO_SetBits
                0x00000000        0x4 build/stm32f10x_gpio.o
 .text.GPIO_ResetBits
                0x00000000        0x4 build/stm32f10x_gpio.o
 .text.GPIO_WriteBit
                0x00000000        0xc build/stm32f10x_gpio.o
 .text.GPIO_Write
                0x00000000        0x4 build/stm32f10x_gpio.o
 .text.GPIO_PinLockConfig
                0x00000000       0x10 build/stm32f10x_gpio.o
 .text.GPIO_EventOutputConfig
                0x00000000       0x1c build/stm32f10x_gpio.o
 .text.GPIO_EventOutputCmd
                0x00000000        0xc build/stm32f10x_gpio.o
 .text.GPIO_PinRemapConfig
                0x00000000       0x70 build/stm32f10x_gpio.o
 .text.GPIO_EXTILineConfig
                0x00000000       0x2c build/stm32f10x_gpio.o
 .text.GPIO_ETH_MediaInterfaceConfig
                0x00000000        0xc build/stm32f10x_gpio.o
 .text          0x00000000        0x0 build/stm32f10x_i2c.o
 .data          0x00000000        0x0 build/stm32f10x_i2c.o
 .bss           0x00000000        0x0 build/stm32f10x_i2c.o
 .text.I2C_DeInit
                0x00000000       0x3c build/stm32f10x_i2c.o
 .text.I2C_Init
                0x00000000       0xdc build/stm32f10x_i2c.o
 .text.I2C_StructInit
                0x00000000       0x20 build/stm32f10x_i2c.o
 .text.I2C_Cmd  0x00000000       0x1c build/stm32f10x_i2c.o
 .text.I2C_DMACmd
                0x00000000       0x1c build/stm32f10x_i2c.o
 .text.I2C_DMALastTransferCmd
                0x00000000       0x1c build/stm32f10x_i2c.o
 .text.I2C_GenerateSTART
                0x00000000       0x1c build/stm32f10x_i2c.o
 .text.I2C_GenerateSTOP
                0x00000000       0x1c build/stm32f10x_i2c.o
 .text.I2C_AcknowledgeConfig
                0x00000000       0x1c build/stm32f10x_i2c.o
 .text.I2C_OwnAddress2Config
                0x00000000       0x14 build/stm32f10x_i2c.o
 .text.I2C_DualAddressCmd
                0x00000000       0x1c build/stm32f10x_i2c.o
 .text.I2C_GeneralCallCmd
                0x00000000       0x1c build/stm32f10x_i2c.o
 .text.I2C_ITConfig
                0x00000000       0x14 build/stm32f10x_i2c.o
 .text.I2C_SendData
                0x00000000        0x4 build/stm32f10x_i2c.o
 .text.I2C_ReceiveData
                0x00000000        0x8 build/stm32f10x_i2c.o
 .text.I2C_Send7bitAddress
                0x00000000       0x14 build/stm32f10x_i2c.o
 .text.I2C_ReadRegister
                0x00000000       0x18 build/stm32f10x_i2c.o
 .text.I2C_SoftwareResetCmd
                0x00000000       0x1c build/stm32f10x_i2c.o
 .text.I2C_NACKPositionConfig
                0x00000000       0x20 build/stm32f10x_i2c.o
 .text.I2C_SMBusAlertConfig
                0x00000000       0x20 build/stm32f10x_i2c.o
 .text.I2C_TransmitPEC
                0x00000000       0x1c build/stm32f10x_i2c.o
 .text.I2C_PECPositionConfig
                0x00000000       0x20 build/stm32f10x_i2c.o
 .text.I2C_CalculatePEC
                0x00000000       0x1c build/stm32f10x_i2c.o
 .text.I2C_GetPEC
                0x00000000        0x8 build/stm32f10x_i2c.o
 .text.I2C_ARPCmd
                0x00000000       0x1c build/stm32f10x_i2c.o
 .text.I2C_StretchClockCmd
                0x00000000       0x1c build/stm32f10x_i2c.o
 .text.I2C_FastModeDutyCycleConfig
                0x00000000       0x20 build/stm32f10x_i2c.o
 .text.I2C_CheckEvent
                0x00000000       0x1c build/stm32f10x_i2c.o
 .text.I2C_GetLastEvent
                0x00000000       0x10 build/stm32f10x_i2c.o
 .text.I2C_GetFlagStatus
                0x00000000       0x38 build/stm32f10x_i2c.o
 .text.I2C_ClearFlag
                0x00000000        0x8 build/stm32f10x_i2c.o
 .text.I2C_GetITStatus
                0x00000000       0x1c build/stm32f10x_i2c.o
 .text.I2C_ClearITPendingBit
                0x00000000        0x8 build/stm32f10x_i2c.o
 .debug_info    0x00000000      0xbb2 build/stm32f10x_i2c.o
 .debug_abbrev  0x00000000      0x2b1 build/stm32f10x_i2c.o
 .debug_loclists
                0x00000000      0x558 build/stm32f10x_i2c.o
 .debug_aranges
                0x00000000      0x120 build/stm32f10x_i2c.o
 .debug_rnglists
                0x00000000       0xd4 build/stm32f10x_i2c.o
 .debug_line    0x00000000      0x8f4 build/stm32f10x_i2c.o
 .debug_str     0x00000000      0x667 build/stm32f10x_i2c.o
 .comment       0x00000000       0x27 build/stm32f10x_i2c.o
 .debug_frame   0x00000000      0x26c build/stm32f10x_i2c.o
 .ARM.attributes
                0x00000000       0x2d build/stm32f10x_i2c.o
 .text          0x00000000        0x0 build/stm32f10x_iwdg.o
 .data          0x00000000        0x0 build/stm32f10x_iwdg.o
 .bss           0x00000000        0x0 build/stm32f10x_iwdg.o
 .text.IWDG_WriteAccessCmd
                0x00000000        0xc build/stm32f10x_iwdg.o
 .text.IWDG_SetPrescaler
                0x00000000        0xc build/stm32f10x_iwdg.o
 .text.IWDG_SetReload
                0x00000000        0xc build/stm32f10x_iwdg.o
 .text.IWDG_ReloadCounter
                0x00000000       0x10 build/stm32f10x_iwdg.o
 .text.IWDG_Enable
                0x00000000       0x10 build/stm32f10x_iwdg.o
 .text.IWDG_GetFlagStatus
                0x00000000       0x14 build/stm32f10x_iwdg.o
 .debug_info    0x00000000      0x1c6 build/stm32f10x_iwdg.o
 .debug_abbrev  0x00000000      0x140 build/stm32f10x_iwdg.o
 .debug_loclists
                0x00000000       0x4c build/stm32f10x_iwdg.o
 .debug_aranges
                0x00000000       0x48 build/stm32f10x_iwdg.o
 .debug_rnglists
                0x00000000       0x31 build/stm32f10x_iwdg.o
 .debug_line    0x00000000      0x18a build/stm32f10x_iwdg.o
 .debug_str     0x00000000      0x234 build/stm32f10x_iwdg.o
 .comment       0x00000000       0x27 build/stm32f10x_iwdg.o
 .debug_frame   0x00000000       0x70 build/stm32f10x_iwdg.o
 .ARM.attributes
                0x00000000       0x2d build/stm32f10x_iwdg.o
 .text          0x00000000        0x0 build/stm32f10x_pwr.o
 .data          0x00000000        0x0 build/stm32f10x_pwr.o
 .bss           0x00000000        0x0 build/stm32f10x_pwr.o
 .text.PWR_DeInit
                0x00000000       0x1c build/stm32f10x_pwr.o
 .text.PWR_BackupAccessCmd
                0x00000000        0xc build/stm32f10x_pwr.o
 .text.PWR_PVDCmd
                0x00000000        0xc build/stm32f10x_pwr.o
 .text.PWR_PVDLevelConfig
                0x00000000       0x14 build/stm32f10x_pwr.o
 .text.PWR_WakeUpPinCmd
                0x00000000        0xc build/stm32f10x_pwr.o
 .text.PWR_EnterSTOPMode
                0x00000000       0x3c build/stm32f10x_pwr.o
 .text.PWR_EnterSTANDBYMode
                0x00000000       0x20 build/stm32f10x_pwr.o
 .text.PWR_GetFlagStatus
                0x00000000       0x14 build/stm32f10x_pwr.o
 .text.PWR_ClearFlag
                0x00000000       0x10 build/stm32f10x_pwr.o
 .debug_info    0x00000000      0x464 build/stm32f10x_pwr.o
 .debug_abbrev  0x00000000      0x204 build/stm32f10x_pwr.o
 .debug_loclists
                0x00000000       0x8c build/stm32f10x_pwr.o
 .debug_aranges
                0x00000000       0x60 build/stm32f10x_pwr.o
 .debug_rnglists
                0x00000000       0x43 build/stm32f10x_pwr.o
 .debug_line    0x00000000      0x30c build/stm32f10x_pwr.o
 .debug_str     0x00000000      0x301 build/stm32f10x_pwr.o
 .comment       0x00000000       0x27 build/stm32f10x_pwr.o
 .debug_frame   0x00000000       0xb8 build/stm32f10x_pwr.o
 .ARM.attributes
                0x00000000       0x2d build/stm32f10x_pwr.o
 .text          0x00000000        0x0 build/stm32f10x_rcc.o
 .data          0x00000000        0x0 build/stm32f10x_rcc.o
 .bss           0x00000000        0x0 build/stm32f10x_rcc.o
 .text.RCC_DeInit
                0x00000000       0x40 build/stm32f10x_rcc.o
 .text.RCC_HSEConfig
                0x00000000       0x38 build/stm32f10x_rcc.o
 .text.RCC_WaitForHSEStartUp
                0x00000000       0x34 build/stm32f10x_rcc.o
 .text.RCC_AdjustHSICalibrationValue
                0x00000000       0x14 build/stm32f10x_rcc.o
 .text.RCC_HSICmd
                0x00000000        0xc build/stm32f10x_rcc.o
 .text.RCC_PLLConfig
                0x00000000       0x14 build/stm32f10x_rcc.o
 .text.RCC_PLLCmd
                0x00000000        0xc build/stm32f10x_rcc.o
 .text.RCC_SYSCLKConfig
                0x00000000       0x14 build/stm32f10x_rcc.o
 .text.RCC_GetSYSCLKSource
                0x00000000       0x10 build/stm32f10x_rcc.o
 .text.RCC_HCLKConfig
                0x00000000       0x14 build/stm32f10x_rcc.o
 .text.RCC_PCLK1Config
                0x00000000       0x14 build/stm32f10x_rcc.o
 .text.RCC_PCLK2Config
                0x00000000       0x14 build/stm32f10x_rcc.o
 .text.RCC_ITConfig
                0x00000000       0x18 build/stm32f10x_rcc.o
 .text.RCC_USBCLKConfig
                0x00000000        0xc build/stm32f10x_rcc.o
 .text.RCC_ADCCLKConfig
                0x00000000       0x14 build/stm32f10x_rcc.o
 .text.RCC_LSEConfig
                0x00000000       0x28 build/stm32f10x_rcc.o
 .text.RCC_LSICmd
                0x00000000        0xc build/stm32f10x_rcc.o
 .text.RCC_RTCCLKConfig
                0x00000000       0x10 build/stm32f10x_rcc.o
 .text.RCC_RTCCLKCmd
                0x00000000        0xc build/stm32f10x_rcc.o
 .text.RCC_APB2PeriphResetCmd
                0x00000000       0x18 build/stm32f10x_rcc.o
 .text.RCC_APB1PeriphResetCmd
                0x00000000       0x18 build/stm32f10x_rcc.o
 .text.RCC_BackupResetCmd
                0x00000000        0xc build/stm32f10x_rcc.o
 .text.RCC_ClockSecuritySystemCmd
                0x00000000        0xc build/stm32f10x_rcc.o
 .text.RCC_MCOConfig
                0x00000000        0xc build/stm32f10x_rcc.o
 .text.RCC_GetFlagStatus
                0x00000000       0x34 build/stm32f10x_rcc.o
 .text.RCC_ClearFlag
                0x00000000       0x10 build/stm32f10x_rcc.o
 .text.RCC_GetITStatus
                0x00000000       0x14 build/stm32f10x_rcc.o
 .text.RCC_ClearITPendingBit
                0x00000000        0xc build/stm32f10x_rcc.o
 .text          0x00000000        0x0 build/stm32f10x_rtc.o
 .data          0x00000000        0x0 build/stm32f10x_rtc.o
 .bss           0x00000000        0x0 build/stm32f10x_rtc.o
 .text.RTC_ITConfig
                0x00000000       0x1c build/stm32f10x_rtc.o
 .text.RTC_EnterConfigMode
                0x00000000       0x14 build/stm32f10x_rtc.o
 .text.RTC_ExitConfigMode
                0x00000000       0x14 build/stm32f10x_rtc.o
 .text.RTC_GetCounter
                0x00000000       0x24 build/stm32f10x_rtc.o
 .text.RTC_SetCounter
                0x00000000       0x28 build/stm32f10x_rtc.o
 .text.RTC_SetPrescaler
                0x00000000       0x28 build/stm32f10x_rtc.o
 .text.RTC_SetAlarm
                0x00000000       0x28 build/stm32f10x_rtc.o
 .text.RTC_GetDivider
                0x00000000       0x18 build/stm32f10x_rtc.o
 .text.RTC_WaitForLastTask
                0x00000000       0x10 build/stm32f10x_rtc.o
 .text.RTC_WaitForSynchro
                0x00000000       0x1c build/stm32f10x_rtc.o
 .text.RTC_GetFlagStatus
                0x00000000       0x14 build/stm32f10x_rtc.o
 .text.RTC_ClearFlag
                0x00000000       0x14 build/stm32f10x_rtc.o
 .text.RTC_GetITStatus
                0x00000000       0x20 build/stm32f10x_rtc.o
 .text.RTC_ClearITPendingBit
                0x00000000       0x14 build/stm32f10x_rtc.o
 .debug_info    0x00000000      0x4b3 build/stm32f10x_rtc.o
 .debug_abbrev  0x00000000      0x22b build/stm32f10x_rtc.o
 .debug_loclists
                0x00000000      0x17a build/stm32f10x_rtc.o
 .debug_aranges
                0x00000000       0x88 build/stm32f10x_rtc.o
 .debug_rnglists
                0x00000000       0x61 build/stm32f10x_rtc.o
 .debug_line    0x00000000      0x3bd build/stm32f10x_rtc.o
 .debug_str     0x00000000      0x386 build/stm32f10x_rtc.o
 .comment       0x00000000       0x27 build/stm32f10x_rtc.o
 .debug_frame   0x00000000       0xf0 build/stm32f10x_rtc.o
 .ARM.attributes
                0x00000000       0x2d build/stm32f10x_rtc.o
 .text          0x00000000        0x0 build/stm32f10x_sdio.o
 .data          0x00000000        0x0 build/stm32f10x_sdio.o
 .bss           0x00000000        0x0 build/stm32f10x_sdio.o
 .text.SDIO_DeInit
                0x00000000       0x24 build/stm32f10x_sdio.o
 .text.SDIO_Init
                0x00000000       0x30 build/stm32f10x_sdio.o
 .text.SDIO_StructInit
                0x00000000       0x10 build/stm32f10x_sdio.o
 .text.SDIO_ClockCmd
                0x00000000        0xc build/stm32f10x_sdio.o
 .text.SDIO_SetPowerState
                0x00000000        0xc build/stm32f10x_sdio.o
 .text.SDIO_GetPowerState
                0x00000000       0x10 build/stm32f10x_sdio.o
 .text.SDIO_ITConfig
                0x00000000       0x18 build/stm32f10x_sdio.o
 .text.SDIO_DMACmd
                0x00000000        0xc build/stm32f10x_sdio.o
 .text.SDIO_SendCommand
                0x00000000       0x28 build/stm32f10x_sdio.o
 .text.SDIO_CmdStructInit
                0x00000000       0x10 build/stm32f10x_sdio.o
 .text.SDIO_GetCommandResponse
                0x00000000        0xc build/stm32f10x_sdio.o
 .text.SDIO_GetResponse
                0x00000000       0x18 build/stm32f10x_sdio.o
 .text.SDIO_DataConfig
                0x00000000       0x2c build/stm32f10x_sdio.o
 .text.SDIO_DataStructInit
                0x00000000       0x14 build/stm32f10x_sdio.o
 .text.SDIO_GetDataCounter
                0x00000000        0xc build/stm32f10x_sdio.o
 .text.SDIO_ReadData
                0x00000000        0xc build/stm32f10x_sdio.o
 .text.SDIO_WriteData
                0x00000000        0xc build/stm32f10x_sdio.o
 .text.SDIO_GetFIFOCount
                0x00000000        0xc build/stm32f10x_sdio.o
 .text.SDIO_StartSDIOReadWait
                0x00000000        0xc build/stm32f10x_sdio.o
 .text.SDIO_StopSDIOReadWait
                0x00000000        0xc build/stm32f10x_sdio.o
 .text.SDIO_SetSDIOReadWaitMode
                0x00000000        0xc build/stm32f10x_sdio.o
 .text.SDIO_SetSDIOOperation
                0x00000000        0xc build/stm32f10x_sdio.o
 .text.SDIO_SendSDIOSuspendCmd
                0x00000000        0xc build/stm32f10x_sdio.o
 .text.SDIO_CommandCompletionCmd
                0x00000000        0xc build/stm32f10x_sdio.o
 .text.SDIO_CEATAITCmd
                0x00000000       0x14 build/stm32f10x_sdio.o
 .text.SDIO_SendCEATACmd
                0x00000000        0xc build/stm32f10x_sdio.o
 .text.SDIO_GetFlagStatus
                0x00000000       0x14 build/stm32f10x_sdio.o
 .text.SDIO_ClearFlag
                0x00000000        0xc build/stm32f10x_sdio.o
 .text.SDIO_GetITStatus
                0x00000000       0x14 build/stm32f10x_sdio.o
 .text.SDIO_ClearITPendingBit
                0x00000000        0xc build/stm32f10x_sdio.o
 .debug_info    0x00000000      0x7c2 build/stm32f10x_sdio.o
 .debug_abbrev  0x00000000      0x2a7 build/stm32f10x_sdio.o
 .debug_loclists
                0x00000000      0x161 build/stm32f10x_sdio.o
 .debug_aranges
                0x00000000      0x108 build/stm32f10x_sdio.o
 .debug_rnglists
                0x00000000       0xc1 build/stm32f10x_sdio.o
 .debug_line    0x00000000      0x5b6 build/stm32f10x_sdio.o
 .debug_str     0x00000000      0x613 build/stm32f10x_sdio.o
 .comment       0x00000000       0x27 build/stm32f10x_sdio.o
 .debug_frame   0x00000000      0x21c build/stm32f10x_sdio.o
 .ARM.attributes
                0x00000000       0x2d build/stm32f10x_sdio.o
 .text          0x00000000        0x0 build/stm32f10x_spi.o
 .data          0x00000000        0x0 build/stm32f10x_spi.o
 .bss           0x00000000        0x0 build/stm32f10x_spi.o
 .text.SPI_I2S_DeInit
                0x00000000       0x6c build/stm32f10x_spi.o
 .text.SPI_Init
                0x00000000       0x54 build/stm32f10x_spi.o
 .text.I2S_Init
                0x00000000       0xac build/stm32f10x_spi.o
 .text.SPI_StructInit
                0x00000000       0x10 build/stm32f10x_spi.o
 .text.I2S_StructInit
                0x00000000       0x10 build/stm32f10x_spi.o
 .text.SPI_Cmd  0x00000000       0x1c build/stm32f10x_spi.o
 .text.I2S_Cmd  0x00000000       0x1c build/stm32f10x_spi.o
 .text.SPI_I2S_ITConfig
                0x00000000       0x20 build/stm32f10x_spi.o
 .text.SPI_I2S_DMACmd
                0x00000000       0x14 build/stm32f10x_spi.o
 .text.SPI_I2S_SendData
                0x00000000        0x4 build/stm32f10x_spi.o
 .text.SPI_I2S_ReceiveData
                0x00000000        0x8 build/stm32f10x_spi.o
 .text.SPI_NSSInternalSoftwareConfig
                0x00000000       0x20 build/stm32f10x_spi.o
 .text.SPI_SSOutputCmd
                0x00000000       0x1c build/stm32f10x_spi.o
 .text.SPI_DataSizeConfig
                0x00000000       0x18 build/stm32f10x_spi.o
 .text.SPI_TransmitCRC
                0x00000000        0xc build/stm32f10x_spi.o
 .text.SPI_CalculateCRC
                0x00000000       0x1c build/stm32f10x_spi.o
 .text.SPI_GetCRC
                0x00000000        0xc build/stm32f10x_spi.o
 .text.SPI_GetCRCPolynomial
                0x00000000        0x8 build/stm32f10x_spi.o
 .text.SPI_BiDirectionalLineConfig
                0x00000000       0x20 build/stm32f10x_spi.o
 .text.SPI_I2S_GetFlagStatus
                0x00000000        0xc build/stm32f10x_spi.o
 .text.SPI_I2S_ClearFlag
                0x00000000        0x8 build/stm32f10x_spi.o
 .text.SPI_I2S_GetITStatus
                0x00000000       0x28 build/stm32f10x_spi.o
 .text.SPI_I2S_ClearITPendingBit
                0x00000000       0x10 build/stm32f10x_spi.o
 .debug_info    0x00000000      0x9f9 build/stm32f10x_spi.o
 .debug_abbrev  0x00000000      0x23c build/stm32f10x_spi.o
 .debug_loclists
                0x00000000      0x497 build/stm32f10x_spi.o
 .debug_aranges
                0x00000000       0xd0 build/stm32f10x_spi.o
 .debug_rnglists
                0x00000000       0x98 build/stm32f10x_spi.o
 .debug_line    0x00000000      0x6e0 build/stm32f10x_spi.o
 .debug_str     0x00000000      0x615 build/stm32f10x_spi.o
 .comment       0x00000000       0x27 build/stm32f10x_spi.o
 .debug_frame   0x00000000      0x1bc build/stm32f10x_spi.o
 .ARM.attributes
                0x00000000       0x2d build/stm32f10x_spi.o
 .text          0x00000000        0x0 build/stm32f10x_tim.o
 .data          0x00000000        0x0 build/stm32f10x_tim.o
 .bss           0x00000000        0x0 build/stm32f10x_tim.o
 .text.TI1_Config
                0x00000000       0x90 build/stm32f10x_tim.o
 .text.TI2_Config
                0x00000000       0x8c build/stm32f10x_tim.o
 .text.TIM_DeInit
                0x00000000      0x234 build/stm32f10x_tim.o
 .text.TIM_OC1Init
                0x00000000       0x9c build/stm32f10x_tim.o
 .text.TIM_OC2Init
                0x00000000       0x90 build/stm32f10x_tim.o
 .text.TIM_OC3Init
                0x00000000       0x90 build/stm32f10x_tim.o
 .text.TIM_OC4Init
                0x00000000       0x78 build/stm32f10x_tim.o
 .text.TIM_ICInit
                0x00000000      0x174 build/stm32f10x_tim.o
 .text.TIM_PWMIConfig
                0x00000000       0xb0 build/stm32f10x_tim.o
 .text.TIM_BDTRConfig
                0x00000000       0x30 build/stm32f10x_tim.o
 .text.TIM_TimeBaseStructInit
                0x00000000       0x10 build/stm32f10x_tim.o
 .text.TIM_OCStructInit
                0x00000000        0xc build/stm32f10x_tim.o
 .text.TIM_ICStructInit
                0x00000000        0xc build/stm32f10x_tim.o
 .text.TIM_BDTRStructInit
                0x00000000        0xc build/stm32f10x_tim.o
 .text.TIM_CtrlPWMOutputs
                0x00000000       0x20 build/stm32f10x_tim.o
 .text.TIM_ITConfig
                0x00000000       0x14 build/stm32f10x_tim.o
 .text.TIM_GenerateEvent
                0x00000000        0x4 build/stm32f10x_tim.o
 .text.TIM_DMAConfig
                0x00000000        0x8 build/stm32f10x_tim.o
 .text.TIM_DMACmd
                0x00000000       0x14 build/stm32f10x_tim.o
 .text.TIM_InternalClockConfig
                0x00000000       0x10 build/stm32f10x_tim.o
 .text.TIM_ITRxExternalClockConfig
                0x00000000       0x1c build/stm32f10x_tim.o
 .text.TIM_TIxExternalClockConfig
                0x00000000       0x9c build/stm32f10x_tim.o
 .text.TIM_ETRClockMode1Config
                0x00000000       0x24 build/stm32f10x_tim.o
 .text.TIM_ETRClockMode2Config
                0x00000000       0x1c build/stm32f10x_tim.o
 .text.TIM_ETRConfig
                0x00000000       0x14 build/stm32f10x_tim.o
 .text.TIM_PrescalerConfig
                0x00000000        0x8 build/stm32f10x_tim.o
 .text.TIM_CounterModeConfig
                0x00000000       0x10 build/stm32f10x_tim.o
 .text.TIM_SelectInputTrigger
                0x00000000       0x10 build/stm32f10x_tim.o
 .text.TIM_EncoderInterfaceConfig
                0x00000000       0x54 build/stm32f10x_tim.o
 .text.TIM_ForcedOC1Config
                0x00000000       0x10 build/stm32f10x_tim.o
 .text.TIM_ForcedOC2Config
                0x00000000       0x14 build/stm32f10x_tim.o
 .text.TIM_ForcedOC3Config
                0x00000000       0x10 build/stm32f10x_tim.o
 .text.TIM_ForcedOC4Config
                0x00000000       0x14 build/stm32f10x_tim.o
 .text.TIM_ARRPreloadConfig
                0x00000000       0x1c build/stm32f10x_tim.o
 .text.TIM_SelectCOM
                0x00000000       0x1c build/stm32f10x_tim.o
 .text.TIM_SelectCCDMA
                0x00000000       0x1c build/stm32f10x_tim.o
 .text.TIM_CCPreloadControl
                0x00000000       0x1c build/stm32f10x_tim.o
 .text.TIM_OC1PreloadConfig
                0x00000000       0x10 build/stm32f10x_tim.o
 .text.TIM_OC2PreloadConfig
                0x00000000       0x14 build/stm32f10x_tim.o
 .text.TIM_OC3PreloadConfig
                0x00000000       0x10 build/stm32f10x_tim.o
 .text.TIM_OC4PreloadConfig
                0x00000000       0x14 build/stm32f10x_tim.o
 .text.TIM_OC1FastConfig
                0x00000000       0x10 build/stm32f10x_tim.o
 .text.TIM_OC2FastConfig
                0x00000000       0x14 build/stm32f10x_tim.o
 .text.TIM_OC3FastConfig
                0x00000000       0x10 build/stm32f10x_tim.o
 .text.TIM_OC4FastConfig
                0x00000000       0x14 build/stm32f10x_tim.o
 .text.TIM_ClearOC1Ref
                0x00000000       0x10 build/stm32f10x_tim.o
 .text.TIM_ClearOC2Ref
                0x00000000       0x10 build/stm32f10x_tim.o
 .text.TIM_ClearOC3Ref
                0x00000000       0x10 build/stm32f10x_tim.o
 .text.TIM_ClearOC4Ref
                0x00000000       0x10 build/stm32f10x_tim.o
 .text.TIM_OC1PolarityConfig
                0x00000000       0x10 build/stm32f10x_tim.o
 .text.TIM_OC1NPolarityConfig
                0x00000000       0x10 build/stm32f10x_tim.o
 .text.TIM_OC2PolarityConfig
                0x00000000       0x14 build/stm32f10x_tim.o
 .text.TIM_OC2NPolarityConfig
                0x00000000       0x14 build/stm32f10x_tim.o
 .text.TIM_OC3PolarityConfig
                0x00000000       0x14 build/stm32f10x_tim.o
 .text.TIM_OC3NPolarityConfig
                0x00000000       0x14 build/stm32f10x_tim.o
 .text.TIM_OC4PolarityConfig
                0x00000000       0x14 build/stm32f10x_tim.o
 .text.TIM_CCxCmd
                0x00000000       0x20 build/stm32f10x_tim.o
 .text.TIM_CCxNCmd
                0x00000000       0x20 build/stm32f10x_tim.o
 .text.TIM_SelectOCxM
                0x00000000       0x60 build/stm32f10x_tim.o
 .text.TIM_UpdateDisableConfig
                0x00000000       0x1c build/stm32f10x_tim.o
 .text.TIM_UpdateRequestConfig
                0x00000000       0x1c build/stm32f10x_tim.o
 .text.TIM_SelectHallSensor
                0x00000000       0x1c build/stm32f10x_tim.o
 .text.TIM_SelectOnePulseMode
                0x00000000       0x18 build/stm32f10x_tim.o
 .text.TIM_SelectSlaveMode
                0x00000000       0x18 build/stm32f10x_tim.o
 .text.TIM_SelectMasterSlaveMode
                0x00000000       0x18 build/stm32f10x_tim.o
 .text.TIM_SetCounter
                0x00000000        0x4 build/stm32f10x_tim.o
 .text.TIM_SetAutoreload
                0x00000000        0x4 build/stm32f10x_tim.o
 .text.TIM_SetCompare1
                0x00000000        0x4 build/stm32f10x_tim.o
 .text.TIM_SetCompare2
                0x00000000        0x4 build/stm32f10x_tim.o
 .text.TIM_SetCompare3
                0x00000000        0x4 build/stm32f10x_tim.o
 .text.TIM_SetCompare4
                0x00000000        0x8 build/stm32f10x_tim.o
 .text.TIM_SetIC1Prescaler
                0x00000000       0x18 build/stm32f10x_tim.o
 .text.TIM_SetIC2Prescaler
                0x00000000       0x1c build/stm32f10x_tim.o
 .text.TIM_SetIC3Prescaler
                0x00000000       0x18 build/stm32f10x_tim.o
 .text.TIM_SetIC4Prescaler
                0x00000000       0x1c build/stm32f10x_tim.o
 .text.TIM_SetClockDivision
                0x00000000       0x18 build/stm32f10x_tim.o
 .text.TIM_GetCapture1
                0x00000000        0x8 build/stm32f10x_tim.o
 .text.TIM_GetCapture2
                0x00000000        0x8 build/stm32f10x_tim.o
 .text.TIM_GetCapture3
                0x00000000        0x8 build/stm32f10x_tim.o
 .text.TIM_GetCapture4
                0x00000000        0x8 build/stm32f10x_tim.o
 .text.TIM_GetCounter
                0x00000000        0x8 build/stm32f10x_tim.o
 .text.TIM_GetPrescaler
                0x00000000        0x8 build/stm32f10x_tim.o
 .text.TIM_GetFlagStatus
                0x00000000        0xc build/stm32f10x_tim.o
 .text.TIM_ClearFlag
                0x00000000        0x8 build/stm32f10x_tim.o
 .text.TIM_GetITStatus
                0x00000000       0x18 build/stm32f10x_tim.o
 .text.TIM_ClearITPendingBit
                0x00000000        0x8 build/stm32f10x_tim.o
 .text          0x00000000        0x0 build/stm32f10x_usart.o
 .data          0x00000000        0x0 build/stm32f10x_usart.o
 .bss           0x00000000        0x0 build/stm32f10x_usart.o
 .text.USART_DeInit
                0x00000000       0xb0 build/stm32f10x_usart.o
 .text.USART_StructInit
                0x00000000       0x14 build/stm32f10x_usart.o
 .text.USART_ClockInit
                0x00000000       0x28 build/stm32f10x_usart.o
 .text.USART_ClockStructInit
                0x00000000        0x8 build/stm32f10x_usart.o
 .text.USART_ITConfig
                0x00000000       0x34 build/stm32f10x_usart.o
 .text.USART_SetAddress
                0x00000000       0x18 build/stm32f10x_usart.o
 .text.USART_WakeUpConfig
                0x00000000       0x18 build/stm32f10x_usart.o
 .text.USART_ReceiverWakeUpCmd
                0x00000000       0x1c build/stm32f10x_usart.o
 .text.USART_LINBreakDetectLengthConfig
                0x00000000       0x18 build/stm32f10x_usart.o
 .text.USART_LINCmd
                0x00000000       0x1c build/stm32f10x_usart.o
 .text.USART_SendData
                0x00000000        0x8 build/stm32f10x_usart.o
 .text.USART_ReceiveData
                0x00000000        0x8 build/stm32f10x_usart.o
 .text.USART_SendBreak
                0x00000000        0xc build/stm32f10x_usart.o
 .text.USART_SetGuardTime
                0x00000000       0x14 build/stm32f10x_usart.o
 .text.USART_SetPrescaler
                0x00000000       0x14 build/stm32f10x_usart.o
 .text.USART_SmartCardCmd
                0x00000000       0x1c build/stm32f10x_usart.o
 .text.USART_SmartCardNACKCmd
                0x00000000       0x1c build/stm32f10x_usart.o
 .text.USART_HalfDuplexCmd
                0x00000000       0x1c build/stm32f10x_usart.o
 .text.USART_OverSampling8Cmd
                0x00000000       0x1c build/stm32f10x_usart.o
 .text.USART_OneBitMethodCmd
                0x00000000       0x1c build/stm32f10x_usart.o
 .text.USART_IrDAConfig
                0x00000000       0x18 build/stm32f10x_usart.o
 .text.USART_IrDACmd
                0x00000000       0x1c build/stm32f10x_usart.o
 .text.USART_GetFlagStatus
                0x00000000        0xc build/stm32f10x_usart.o
 .text.USART_ClearFlag
                0x00000000        0x8 build/stm32f10x_usart.o
 .text.USART_GetITStatus
                0x00000000       0x40 build/stm32f10x_usart.o
 .text.USART_ClearITPendingBit
                0x00000000       0x10 build/stm32f10x_usart.o
 .text          0x00000000        0x0 build/stm32f10x_wwdg.o
 .data          0x00000000        0x0 build/stm32f10x_wwdg.o
 .bss           0x00000000        0x0 build/stm32f10x_wwdg.o
 .text.WWDG_DeInit
                0x00000000       0x1c build/stm32f10x_wwdg.o
 .text.WWDG_SetPrescaler
                0x00000000       0x14 build/stm32f10x_wwdg.o
 .text.WWDG_SetWindowValue
                0x00000000       0x28 build/stm32f10x_wwdg.o
 .text.WWDG_EnableIT
                0x00000000       0x10 build/stm32f10x_wwdg.o
 .text.WWDG_SetCounter
                0x00000000       0x10 build/stm32f10x_wwdg.o
 .text.WWDG_Enable
                0x00000000       0x10 build/stm32f10x_wwdg.o
 .text.WWDG_GetFlagStatus
                0x00000000        0xc build/stm32f10x_wwdg.o
 .text.WWDG_ClearFlag
                0x00000000        0xc build/stm32f10x_wwdg.o
 .debug_info    0x00000000      0x258 build/stm32f10x_wwdg.o
 .debug_abbrev  0x00000000      0x18f build/stm32f10x_wwdg.o
 .debug_loclists
                0x00000000       0x78 build/stm32f10x_wwdg.o
 .debug_aranges
                0x00000000       0x58 build/stm32f10x_wwdg.o
 .debug_rnglists
                0x00000000       0x3d build/stm32f10x_wwdg.o
 .debug_line    0x00000000      0x243 build/stm32f10x_wwdg.o
 .debug_str     0x00000000      0x267 build/stm32f10x_wwdg.o
 .comment       0x00000000       0x27 build/stm32f10x_wwdg.o
 .debug_frame   0x00000000       0xa4 build/stm32f10x_wwdg.o
 .ARM.attributes
                0x00000000       0x2d build/stm32f10x_wwdg.o
 .text          0x00000000       0x14 build/startup_stm32f10x_md.o
 .data          0x00000000        0x0 build/startup_stm32f10x_md.o
 .bss           0x00000000        0x0 build/startup_stm32f10x_md.o

Memory Configuration

Name             Origin             Length             Attributes
RAM              0x20000000         0x00005000         xrw
FLASH            0x08000000         0x00010000         xr
*default*        0x00000000         0xffffffff

Linker script and memory map

LOAD build/main.o
LOAD build/system_stm32f10x.o
LOAD build/misc.o
LOAD build/stm32f10x_adc.o
LOAD build/stm32f10x_bkp.o
LOAD build/stm32f10x_can.o
LOAD build/stm32f10x_cec.o
LOAD build/stm32f10x_crc.o
LOAD build/stm32f10x_dac.o
LOAD build/stm32f10x_dbgmcu.o
LOAD build/stm32f10x_dma.o
LOAD build/stm32f10x_exti.o
LOAD build/stm32f10x_flash.o
LOAD build/stm32f10x_fsmc.o
LOAD build/stm32f10x_gpio.o
LOAD build/stm32f10x_i2c.o
LOAD build/stm32f10x_iwdg.o
LOAD build/stm32f10x_pwr.o
LOAD build/stm32f10x_rcc.o
LOAD build/stm32f10x_rtc.o
LOAD build/stm32f10x_sdio.o
LOAD build/stm32f10x_spi.o
LOAD build/stm32f10x_tim.o
LOAD build/stm32f10x_usart.o
LOAD build/stm32f10x_wwdg.o
LOAD build/startup_stm32f10x_md.o
START GROUP
LOAD /usr/lib/gcc/arm-none-eabi/13.2.1/thumb/v7-m/nofp/libgcc.a
LOAD /usr/lib/gcc/arm-none-eabi/13.2.1/../../../arm-none-eabi/lib/thumb/v7-m/nofp/libc_nano.a
END GROUP
START GROUP
LOAD /usr/lib/gcc/arm-none-eabi/13.2.1/thumb/v7-m/nofp/libgcc.a
LOAD /usr/lib/gcc/arm-none-eabi/13.2.1/../../../arm-none-eabi/lib/thumb/v7-m/nofp/libc_nano.a
LOAD /usr/lib/gcc/arm-none-eabi/13.2.1/../../../arm-none-eabi/lib/thumb/v7-m/nofp/libnosys.a
END GROUP
START GROUP
LOAD /usr/lib/gcc/arm-none-eabi/13.2.1/thumb/v7-m/nofp/libgcc.a
LOAD /usr/lib/gcc/arm-none-eabi/13.2.1/../../../arm-none-eabi/lib/thumb/v7-m/nofp/libc_nano.a
LOAD /usr/lib/gcc/arm-none-eabi/13.2.1/../../../arm-none-eabi/lib/thumb/v7-m/nofp/libnosys.a
END GROUP
                0x20005000                        _estack = (ORIGIN (RAM) + LENGTH (RAM))

.isr_vector     0x08000000      0x10c
                0x08000000                        . = ALIGN (0x4)
 *(.isr_vector)
 .isr_vector    0x08000000      0x10c build/startup_stm32f10x_md.o
                0x08000000                g_pfnVectors
                0x0800010c                        . = ALIGN (0x4)

.text           0x0800010c      0xc54
                0x0800010c                        . = ALIGN (0x4)
 *(.text)
 *(.text*)
 .text.Make_ADC_Message.constprop.0
                0x0800010c      0x100 build/main.o
 .text.DMA1_Channel1_IRQHandler
                0x0800020c       0x38 build/main.o
                0x0800020c                DMA1_Channel1_IRQHandler
 .text.DMA1_Channel4_IRQHandler
                0x08000244       0x30 build/main.o
                0x08000244                DMA1_Channel4_IRQHandler
 .text.startup.main
                0x08000274      0x2bc build/main.o
                0x08000274                main
 .text.SystemInit
                0x08000530      0x100 build/system_stm32f10x.o
                0x08000530                SystemInit
 .text.NVIC_Init
                0x08000630       0x5c build/misc.o
                0x08000630                NVIC_Init
 .text.ADC_Init
                0x0800068c       0x4c build/stm32f10x_adc.o
                0x0800068c                ADC_Init
 .text.ADC_Cmd  0x080006d8       0x14 build/stm32f10x_adc.o
                0x080006d8                ADC_Cmd
 .text.ADC_DMACmd
                0x080006ec       0x14 build/stm32f10x_adc.o
                0x080006ec                ADC_DMACmd
 .text.ADC_ResetCalibration
                0x08000700        0xc build/stm32f10x_adc.o
                0x08000700                ADC_ResetCalibration
 .text.ADC_GetResetCalibrationStatus
                0x0800070c        0x8 build/stm32f10x_adc.o
                0x0800070c                ADC_GetResetCalibrationStatus
 .text.ADC_StartCalibration
                0x08000714        0xc build/stm32f10x_adc.o
                0x08000714                ADC_StartCalibration
 .text.ADC_GetCalibrationStatus
                0x08000720        0x8 build/stm32f10x_adc.o
                0x08000720                ADC_GetCalibrationStatus
 .text.ADC_RegularChannelConfig
                0x08000728       0x9c build/stm32f10x_adc.o
                0x08000728                ADC_RegularChannelConfig
 .text.ADC_ExternalTrigConvCmd
                0x080007c4       0x14 build/stm32f10x_adc.o
                0x080007c4                ADC_ExternalTrigConvCmd
 .text.DMA_DeInit
                0x080007d8      0x128 build/stm32f10x_dma.o
                0x080007d8                DMA_DeInit
 .text.DMA_Init
                0x08000900       0x3c build/stm32f10x_dma.o
                0x08000900                DMA_Init
 .text.DMA_Cmd  0x0800093c       0x18 build/stm32f10x_dma.o
                0x0800093c                DMA_Cmd
 .text.DMA_ITConfig
                0x08000954       0x14 build/stm32f10x_dma.o
                0x08000954                DMA_ITConfig
 .text.DMA_ClearFlag
                0x08000968       0x14 build/stm32f10x_dma.o
                0x08000968                DMA_ClearFlag
 .text.DMA_GetITStatus
                0x0800097c       0x1c build/stm32f10x_dma.o
                0x0800097c                DMA_GetITStatus
 .text.DMA_ClearITPendingBit
                0x08000998       0x14 build/stm32f10x_dma.o
                0x08000998                DMA_ClearITPendingBit
 .text.GPIO_Init
                0x080009ac       0xb4 build/stm32f10x_gpio.o
                0x080009ac                GPIO_Init
 .text.RCC_GetClocksFreq
                0x08000a60       0x8c build/stm32f10x_rcc.o
                0x08000a60                RCC_GetClocksFreq
 .text.RCC_AHBPeriphClockCmd
                0x08000aec       0x18 build/stm32f10x_rcc.o
                0x08000aec                RCC_AHBPeriphClockCmd
 .text.RCC_APB2PeriphClockCmd
                0x08000b04       0x18 build/stm32f10x_rcc.o
                0x08000b04                RCC_APB2PeriphClockCmd
 .text.RCC_APB1PeriphClockCmd
                0x08000b1c       0x18 build/stm32f10x_rcc.o
                0x08000b1c                RCC_APB1PeriphClockCmd
 .text.TIM_TimeBaseInit
                0x08000b34       0xc8 build/stm32f10x_tim.o
                0x08000b34                TIM_TimeBaseInit
 .text.TIM_Cmd  0x08000bfc       0x1c build/stm32f10x_tim.o
                0x08000bfc                TIM_Cmd
 .text.TIM_SelectOutputTrigger
                0x08000c18       0x18 build/stm32f10x_tim.o
                0x08000c18                TIM_SelectOutputTrigger
 .text.USART_Init
                0x08000c30       0xb8 build/stm32f10x_usart.o
                0x08000c30                USART_Init
 .text.USART_Cmd
                0x08000ce8       0x1c build/stm32f10x_usart.o
                0x08000ce8                USART_Cmd
 .text.USART_DMACmd
                0x08000d04       0x14 build/stm32f10x_usart.o
                0x08000d04                USART_DMACmd
 .text.Reset_Handler
                0x08000d18       0x44 build/startup_stm32f10x_md.o
                0x08000d18                Reset_Handler
 .text.Default_Handler
                0x08000d5c        0x2 build/startup_stm32f10x_md.o
                0x08000d5c                EXTI2_IRQHandler
                0x08000d5c                DebugMon_Handler
                0x08000d5c                TIM1_CC_IRQHandler
                0x08000d5c                HardFault_Handler
                0x08000d5c                SysTick_Handler
                0x08000d5c                PVD_IRQHandler
                0x08000d5c                PendSV_Handler
                0x08000d5c                NMI_Handler
                0x08000d5c                EXTI3_IRQHandler
                0x08000d5c                EXTI0_IRQHandler
                0x08000d5c                I2C2_EV_IRQHandler
                0x08000d5c                UsageFault_Handler
                0x08000d5c                ADC1_2_IRQHandler
                0x08000d5c                SPI1_IRQHandler
                0x08000d5c                TAMPER_IRQHandler
                0x08000d5c                USART3_IRQHandler
                0x08000d5c                RTC_IRQHandler
                0x08000d5c                DMA1_Channel7_IRQHandler
                0x08000d5c                CAN1_RX1_IRQHandler
                0x08000d5c                TIM4_IRQHandler
                0x08000d5c                I2C1_EV_IRQHandler
                0x08000d5c                DMA1_Channel6_IRQHandler
                0x08000d5c                TIM3_IRQHandler
                0x08000d5c                RCC_IRQHandler
                0x08000d5c                TIM1_TRG_COM_IRQHandler
                0x08000d5c                Default_Handler
                0x08000d5c                EXTI15_10_IRQHandler
                0x08000d5c                EXTI9_5_IRQHandler
                0x08000d5c                SPI2_IRQHandler
                0x08000d5c                MemManage_Handler
                0x08000d5c                SVC_Handler
                0x08000d5c                DMA1_Channel5_IRQHandler
                0x08000d5c                EXTI4_IRQHandler
                0x08000d5c                USB_LP_CAN1_RX0_IRQHandler
                0x08000d5c                USB_HP_CAN1_TX_IRQHandler
                0x08000d5c                DMA1_Channel3_IRQHandler
                0x08000d5c                TIM1_UP_IRQHandler
                0x08000d5c                WWDG_IRQHandler
                0x08000d5c                TIM2_IRQHandler
                0x08000d5c                TIM1_BRK_IRQHandler
                0x08000d5c                EXTI1_IRQHandler
                0x08000d5c                RTCAlarm_IRQHandler
                0x08000d5c                USART2_IRQHandler
                0x08000d5c                I2C2_ER_IRQHandler
                0x08000d5c                DMA1_Channel2_IRQHandler
                0x08000d5c                CAN1_SCE_IRQHandler
                0x08000d5c                FLASH_IRQHandler
                0x08000d5c                BusFault_Handler
                0x08000d5c                USART1_IRQHandler
                0x08000d5c                I2C1_ER_IRQHandler
                0x08000d5c                USBWakeUp_IRQHandler
 *(.glue_7)
 .glue_7        0x08000d5e        0x0 linker stubs
 *(.glue_7t)
 .glue_7t       0x08000d5e        0x0 linker stubs
 *(.eh_frame)
 *(.init)
 *(.fini)
                0x08000d60                        . = ALIGN (0x4)
 *fill*         0x08000d5e        0x2 
                0x08000d60                        _etext = .

.vfp11_veneer   0x08000d60        0x0
 .vfp11_veneer  0x08000d60        0x0 linker stubs

.v4_bx          0x08000d60        0x0
 .v4_bx         0x08000d60        0x0 linker stubs

.iplt           0x08000d60        0x0
 .iplt          0x08000d60        0x0 build/main.o

.rodata         0x08000d60       0x14
                0x08000d60                        . = ALIGN (0x4)
 *(.rodata)
 *(.rodata*)
 .rodata.ADCPrescTable
                0x08000d60        0x4 build/stm32f10x_rcc.o
 .rodata.APBAHBPrescTable
                0x08000d64       0x10 build/stm32f10x_rcc.o
                0x08000d74                        . = ALIGN (0x4)
                0x08000d74                        _sidata = LOADADDR (.data)

.rel.dyn        0x08000d74        0x0
 .rel.iplt      0x08000d74        0x0 build/main.o

.data           0x20000000        0x0 load address 0x08000d74
                0x20000000                        . = ALIGN (0x4)
                0x20000000                        _sdata = .
 *(.data)
 *(.data*)
                0x20000000                        . = ALIGN (0x4)
                0x20000000                        _edata = .

.igot.plt       0x20000000        0x0 load address 0x08000d74
 .igot.plt      0x20000000        0x0 build/main.o

.bss            0x20000000      0x2d0 load address 0x08000d74
                0x20000000                        . = ALIGN (0x4)
                0x20000000                        _sbss = .
                0x20000000                        __bss_start__ = _sbss
 *(.bss)
 *(.bss*)
 .bss.tx_length
                0x20000000        0x2 build/main.o
                0x20000000                tx_length
 *fill*         0x20000002        0x2 
 .bss.tx_buffer
                0x20000004      0x200 build/main.o
                0x20000004                tx_buffer
 .bss.uart_dma_busy
                0x20000204        0x1 build/main.o
                0x20000204                uart_dma_busy
 .bss.dma_full_ready
                0x20000205        0x1 build/main.o
                0x20000205                dma_full_ready
 .bss.dma_half_ready
                0x20000206        0x1 build/main.o
                0x20000206                dma_half_ready
 *fill*         0x20000207        0x1 
 .bss.adc_buffer
                0x20000208       0xc8 build/main.o
                0x20000208                adc_buffer
 *(COMMON)
                0x200002d0                        . = ALIGN (0x4)
                0x200002d0                        _ebss = .
                0x200002d0                        __bss_end__ = _ebss

/DISCARD/
 libc.a(*)
 libm.a(*)
 libgcc.a(*)
OUTPUT(main.elf elf32-littlearm)
LOAD linker stubs
LOAD /usr/lib/gcc/arm-none-eabi/13.2.1/../../../arm-none-eabi/lib/thumb/v7-m/nofp/libc.a
LOAD /usr/lib/gcc/arm-none-eabi/13.2.1/../../../arm-none-eabi/lib/thumb/v7-m/nofp/libm.a
LOAD /usr/lib/gcc/arm-none-eabi/13.2.1/thumb/v7-m/nofp/libgcc.a

.debug_info     0x00000000     0x71ad
 .debug_info    0x00000000     0x1536 build/main.o
 .debug_info    0x00001536      0x422 build/system_stm32f10x.o
 .debug_info    0x00001958      0x4d6 build/misc.o
 .debug_info    0x00001e2e      0xc72 build/stm32f10x_adc.o
 .debug_info    0x00002aa0      0x439 build/stm32f10x_dma.o
 .debug_info    0x00002ed9      0x89a build/stm32f10x_gpio.o
 .debug_info    0x00003773      0x92b build/stm32f10x_rcc.o
 .debug_info    0x0000409e     0x25b7 build/stm32f10x_tim.o
 .debug_info    0x00006655      0xb58 build/stm32f10x_usart.o

.debug_abbrev   0x00000000     0x1566
 .debug_abbrev  0x00000000      0x317 build/main.o
 .debug_abbrev  0x00000317      0x1eb build/system_stm32f10x.o
 .debug_abbrev  0x00000502      0x1a4 build/misc.o
 .debug_abbrev  0x000006a6      0x237 build/stm32f10x_adc.o
 .debug_abbrev  0x000008dd      0x235 build/stm32f10x_dma.o
 .debug_abbrev  0x00000b12      0x261 build/stm32f10x_gpio.o
 .debug_abbrev  0x00000d73      0x29e build/stm32f10x_rcc.o
 .debug_abbrev  0x00001011      0x332 build/stm32f10x_tim.o
 .debug_abbrev  0x00001343      0x223 build/stm32f10x_usart.o

.debug_loclists
                0x00000000     0x2e03
 .debug_loclists
                0x00000000      0x112 build/main.o
 .debug_loclists
                0x00000112       0x8e build/system_stm32f10x.o
 .debug_loclists
                0x000001a0      0x120 build/misc.o
 .debug_loclists
                0x000002c0      0x774 build/stm32f10x_adc.o
 .debug_loclists
                0x00000a34       0xb0 build/stm32f10x_dma.o
 .debug_loclists
                0x00000ae4      0x4fe build/stm32f10x_gpio.o
 .debug_loclists
                0x00000fe2      0x392 build/stm32f10x_rcc.o
 .debug_loclists
                0x00001374     0x1453 build/stm32f10x_tim.o
 .debug_loclists
                0x000027c7      0x63c build/stm32f10x_usart.o

.debug_aranges  0x00000000      0x7e8
 .debug_aranges
                0x00000000       0x38 build/main.o
 .debug_aranges
                0x00000038       0x28 build/system_stm32f10x.o
 .debug_aranges
                0x00000060       0x40 build/misc.o
 .debug_aranges
                0x000000a0      0x138 build/stm32f10x_adc.o
 .debug_aranges
                0x000001d8       0x70 build/stm32f10x_dma.o
 .debug_aranges
                0x00000248       0xa8 build/stm32f10x_gpio.o
 .debug_aranges
                0x000002f0      0x118 build/stm32f10x_rcc.o
 .debug_aranges
                0x00000408      0x2e0 build/stm32f10x_tim.o
 .debug_aranges
                0x000006e8      0x100 build/stm32f10x_usart.o

.debug_rnglists
                0x00000000      0x6f0
 .debug_rnglists
                0x00000000       0xcb build/main.o
 .debug_rnglists
                0x000000cb       0x2b build/system_stm32f10x.o
 .debug_rnglists
                0x000000f6       0x2b build/misc.o
 .debug_rnglists
                0x00000121       0xe6 build/stm32f10x_adc.o
 .debug_rnglists
                0x00000207       0x50 build/stm32f10x_dma.o
 .debug_rnglists
                0x00000257       0x7b build/stm32f10x_gpio.o
 .debug_rnglists
                0x000002d2       0xe0 build/stm32f10x_rcc.o
 .debug_rnglists
                0x000003b2      0x281 build/stm32f10x_tim.o
 .debug_rnglists
                0x00000633       0xbd build/stm32f10x_usart.o

.debug_line     0x00000000     0x5039
 .debug_line    0x00000000      0x681 build/main.o
 .debug_line    0x00000681      0x355 build/system_stm32f10x.o
 .debug_line    0x000009d6      0x269 build/misc.o
 .debug_line    0x00000c3f      0x9f7 build/stm32f10x_adc.o
 .debug_line    0x00001636      0x46f build/stm32f10x_dma.o
 .debug_line    0x00001aa5      0x6b6 build/stm32f10x_gpio.o
 .debug_line    0x0000215b      0x88f build/stm32f10x_rcc.o
 .debug_line    0x000029ea     0x1de8 build/stm32f10x_tim.o
 .debug_line    0x000047d2      0x867 build/stm32f10x_usart.o

.debug_str      0x00000000     0x2769
 .debug_str     0x00000000     0x2769 build/main.o
                                0xce5 (size before relaxing)
 .debug_str     0x00002769      0x2be build/system_stm32f10x.o
 .debug_str     0x00002769      0x39b build/misc.o
 .debug_str     0x00002769      0x6ea build/stm32f10x_adc.o
 .debug_str     0x00002769      0x399 build/stm32f10x_dma.o
 .debug_str     0x00002769      0x508 build/stm32f10x_gpio.o
 .debug_str     0x00002769      0x5f2 build/stm32f10x_rcc.o
 .debug_str     0x00002769      0xde3 build/stm32f10x_tim.o
 .debug_str     0x00002769      0x6a8 build/stm32f10x_usart.o

.comment        0x00000000       0x26
 .comment       0x00000000       0x26 build/main.o
                                 0x27 (size before relaxing)
 .comment       0x00000026       0x27 build/system_stm32f10x.o
 .comment       0x00000026       0x27 build/misc.o
 .comment       0x00000026       0x27 build/stm32f10x_adc.o
 .comment       0x00000026       0x27 build/stm32f10x_dma.o
 .comment       0x00000026       0x27 build/stm32f10x_gpio.o
 .comment       0x00000026       0x27 build/stm32f10x_rcc.o
 .comment       0x00000026       0x27 build/stm32f10x_tim.o
 .comment       0x00000026       0x27 build/stm32f10x_usart.o

.ARM.attributes
                0x00000000       0x2b
 .ARM.attributes
                0x00000000       0x2d build/main.o
 .ARM.attributes
                0x0000002d       0x2d build/system_stm32f10x.o
 .ARM.attributes
                0x0000005a       0x2d build/misc.o
 .ARM.attributes
                0x00000087       0x2d build/stm32f10x_adc.o
 .ARM.attributes
                0x000000b4       0x2d build/stm32f10x_dma.o
 .ARM.attributes
                0x000000e1       0x2d build/stm32f10x_gpio.o
 .ARM.attributes
                0x0000010e       0x2d build/stm32f10x_rcc.o
 .ARM.attributes
                0x0000013b       0x2d build/stm32f10x_tim.o
 .ARM.attributes
                0x00000168       0x2d build/stm32f10x_usart.o
 .ARM.attributes
                0x00000195       0x21 build/startup_stm32f10x_md.o

.debug_frame    0x00000000     0x1148
 .debug_frame   0x00000000       0x8c build/main.o
 .debug_frame   0x0000008c       0x44 build/system_stm32f10x.o
 .debug_frame   0x000000d0       0x6c build/misc.o
 .debug_frame   0x0000013c      0x298 build/stm32f10x_adc.o
 .debug_frame   0x000003d4       0xcc build/stm32f10x_dma.o
 .debug_frame   0x000004a0      0x194 build/stm32f10x_gpio.o
 .debug_frame   0x00000634      0x228 build/stm32f10x_rcc.o
 .debug_frame   0x0000085c      0x6c8 build/stm32f10x_tim.o
 .debug_frame   0x00000f24      0x224 build/stm32f10x_usart.o
